// Jest Snapshot v1, https://goo.gl/fbAQLP

exports[`weight-properties weight-properties: 0 1`] = `
<div
  className={null}
>
  <form
    onSubmit={[Function]}
  >
    <div>
      <div>
        <div>
          <div>
            <h3
              className="formSection_header-0-1-4"
            >
              Content
            </h3>
            <div
              className="formItemTextarea-0-1-11"
            >
              <label
                className="formItemTextarea_label-0-1-12"
                htmlFor="title"
              >
                Title
              </label>
              <textarea
                className="formItemTextarea_textarea-0-1-13"
                id="title"
                name="title"
                onChange={[Function]}
                rows={3}
                value="example text"
              />
            </div>
            <div
              className="formItemTextarea-0-1-14"
            >
              <label
                className="formItemTextarea_label-0-1-15"
                htmlFor="text"
              >
                Text
              </label>
              <textarea
                className="formItemTextarea_textarea-0-1-16"
                id="text"
                name="text"
                onChange={[Function]}
                rows={3}
                value="Example text"
              />
            </div>
            <div
              className="formItemTextarea-0-1-17"
            >
              <label
                className="formItemTextarea_label-0-1-18"
                htmlFor="details"
              >
                Details
              </label>
              <textarea
                className="formItemTextarea_textarea-0-1-19"
                id="details"
                name="details"
                onChange={[Function]}
                rows={3}
                value="example text"
              />
            </div>
          </div>
          <div>
            <h3
              className="formSection_header-0-1-4"
            >
              Formatting
            </h3>
            <div>
              <div
                className="formItemAlignHorizontal-0-1-20"
              >
                <label
                  className="formItemAlignHorizontal_label-0-1-21"
                  htmlFor="alignHorizontal"
                >
                  Align horizontal
                </label>
                <div
                  className="formItemAlignHorizontal_inputContainer-0-1-22"
                >
                  <span>
                    <input
                      aria-label="left align"
                      checked={true}
                      className="formItemAlignHorizontal_input__left-0-1-23"
                      id="alignHorizontal"
                      name="alignHorizontal"
                      onChange={[Function]}
                      type="radio"
                      value="left"
                    />
                  </span>
                  <span>
                    <input
                      aria-label="center align"
                      checked={false}
                      className="formItemAlignHorizontal_input__center-0-1-24"
                      id="alignHorizontal"
                      name="alignHorizontal"
                      onChange={[Function]}
                      type="radio"
                      value="center"
                    />
                  </span>
                  <span>
                    <input
                      aria-label="right align"
                      checked={false}
                      className="formItemAlignHorizontal_input__right-0-1-25"
                      id="alignHorizontal"
                      name="alignHorizontal"
                      onChange={[Function]}
                      type="radio"
                      value="right"
                    />
                  </span>
                </div>
              </div>
            </div>
            <div
              className="formItemSelect-0-1-26"
            >
              <label
                className="formItemSelect_label-0-1-27"
              >
                Align vertical
              </label>
              <span
                className="formItemSelect_span-0-1-28"
              >
                <select
                  className="formItemSelect_input-0-1-29"
                  onChange={[Function]}
                  value="top"
                >
                  <option
                    value="top"
                  >
                    top
                  </option>
                  <option
                    value="bottom"
                  >
                    bottom
                  </option>
                  <option
                    value="center"
                  >
                    center
                  </option>
                </select>
              </span>
            </div>
            <div
              className="formItemNumberField-0-1-30"
            >
              <label
                className="formItemNumberField_label-0-1-31"
                htmlFor="level"
              >
                Level
              </label>
              <input
                className="formItemNumberField_input-0-1-32"
                id="level"
                max={undefined}
                min={undefined}
                name="number5"
                onChange={[Function]}
                step={undefined}
                type="number"
                value="5"
              />
            </div>
          </div>
          <div>
            <h3
              className="formSection_header-0-1-4"
            >
              Developer
            </h3>
            <div
              className="formItemSelect-0-1-33"
            >
              <label
                className="formItemSelect_label-0-1-34"
              >
                HTML tag
              </label>
              <span
                className="formItemSelect_span-0-1-35"
              >
                <select
                  className="formItemSelect_input-0-1-36"
                  onChange={[Function]}
                  value="span"
                >
                  <option
                    value="span"
                  >
                    span
                  </option>
                  <option
                    value="button"
                  >
                    button
                  </option>
                </select>
              </span>
            </div>
          </div>
        </div>
      </div>
    </div>
  </form>
</div>
`;
