// Jest Snapshot v1, https://goo.gl/fbAQLP

exports[`theme theme: 0 1`] = `
<div
  className={null}
>
  <form
    onSubmit={[Function]}
  >
    <div>
      <div>
        <div>
          <div>
            <div
              className="formItemTheme-0-1-11"
            >
              <label
                className="formItemTheme_label-0-1-12"
                htmlFor="theme"
              >
                Theme
              </label>
              <div
                className="formItemTheme_inputContainer-0-1-13"
              >
                <input
                  aria-label="theme light"
                  checked={true}
                  className="formItemTheme_input__light-0-1-14"
                  id="theme"
                  name="theme"
                  onChange={[Function]}
                  type="radio"
                  value="light"
                />
                <input
                  aria-label="theme dark"
                  checked={false}
                  className="formItemTheme_input__dark-0-1-15"
                  id="theme"
                  name="theme"
                  onChange={[Function]}
                  type="radio"
                  value="dark"
                />
              </div>
            </div>
          </div>
        </div>
      </div>
    </div>
  </form>
</div>
`;
