// Jest Snapshot v1, https://goo.gl/fbAQLP

exports[`typography snapshots Typography: 0 1`] = `
<p
  className="typography-0-1-1 typography__1-0-1-2"
>
  Typography example string
</p>
`;

exports[`typography snapshots Typography: 1 1`] = `
<h1
  className="typography-0-1-11 typography__1-0-1-12"
  data-sketch-symbol="Typographic level 1"
>
  Typography example string
</h1>
`;

exports[`typography snapshots Typography: 2 1`] = `
<h2
  className="typography-0-1-21 typography__2-0-1-23"
  data-sketch-symbol="Typographic level 2"
>
  Typography example string
</h2>
`;

exports[`typography snapshots Typography: 3 1`] = `
<h3
  className="typography-0-1-31 typography__3-0-1-34"
  data-sketch-symbol="Typographic level 3"
>
  Typography example string
</h3>
`;

exports[`typography snapshots Typography: 4 1`] = `
<h4
  className="typography-0-1-41 typography__4-0-1-45"
  data-sketch-symbol="Typographic level 4"
>
  Typography example string
</h4>
`;

exports[`typography snapshots Typography: 5 1`] = `
<h5
  className="typography-0-1-51 typography__5-0-1-56"
  data-sketch-symbol="Typographic level 5"
>
  Typography example string
</h5>
`;

exports[`typography snapshots Typography: 6 1`] = `
<h6
  className="typography-0-1-61 typography__6-0-1-67"
  data-sketch-symbol="Typographic level 6"
>
  Typography example string
</h6>
`;

exports[`typography snapshots Typography: 7 1`] = `
<span
  className="typography-0-1-71 typography__7-0-1-78"
  data-sketch-symbol="Typographic level 7"
>
  Typography example string
</span>
`;

exports[`typography snapshots Typography: 8 1`] = `
<caption
  className="typography-0-1-81 typography__8-0-1-89"
  data-sketch-symbol="Typographic level 8"
>
  Typography example string
</caption>
`;

exports[`typography snapshots Typography: 9 1`] = `
<p
  className="typography-0-1-91 typography__9-0-1-100"
  data-sketch-symbol="Typographic level 9"
>
  Typography example string
</p>
`;
