// Jest Snapshot v1, https://goo.gl/fbAQLP

exports[`align-vertical align-vertical: 0 1`] = `
<div
  className={null}
>
  <form
    onSubmit={[Function]}
  >
    <div>
      <div>
        <div>
          <div>
            <div
              className="formItemAlignVertical-0-1-11"
            >
              <label
                className="formItemAlignVertical_label-0-1-12"
                htmlFor="alignVertical"
              >
                Align vertical
              </label>
              <div
                className="formItemAlignVertical_inputContainer-0-1-13"
              >
                <span>
                  <input
                    aria-label="top align"
                    checked={true}
                    className="formItemAlignVertical_input__top-0-1-14"
                    id="alignVertical"
                    name="alignVertical"
                    onChange={[Function]}
                    type="radio"
                    value="top"
                  />
                </span>
                <span>
                  <input
                    aria-label="center align"
                    checked={false}
                    className="formItemAlignVertical_input__center-0-1-15"
                    id="alignVertical"
                    name="alignVertical"
                    onChange={[Function]}
                    type="radio"
                    value="center"
                  />
                </span>
                <span>
                  <input
                    aria-label="bottom align"
                    checked={false}
                    className="formItemAlignVertical_input__bottom-0-1-16"
                    id="alignVertical"
                    name="alignVertical"
                    onChange={[Function]}
                    type="radio"
                    value="bottom"
                  />
                </span>
              </div>
            </div>
          </div>
        </div>
      </div>
    </div>
  </form>
</div>
`;
