// Jest Snapshot v1, https://goo.gl/fbAQLP

exports[`divider snapshot Divider: 0 1`] = `
<hr
  className="divider"
/>
`;
