// Jest Snapshot v1, https://goo.gl/fbAQLP

exports[`caption snapshots Caption: 0 1`] = `
<p
  className="typography-0-1-4 typography__8-0-1-12 caption-0-1-1 caption__1-0-1-2"
>
  Caption test string default
</p>
`;

exports[`caption snapshots Caption: 1 1`] = `
<p
  className="typography-0-1-17 typography__8-0-1-25 caption-0-1-14 caption__1-0-1-15"
>
  Caption test string level 1
</p>
`;

exports[`caption snapshots Caption: 2 1`] = `
<p
  className="typography-0-1-30 typography__9-0-1-39 caption-0-1-27 caption__2-0-1-29"
>
  Caption test string level 2
</p>
`;

exports[`caption snapshots Caption: 3 1`] = `
<span
  className="typography-0-1-43 typography__8-0-1-51 caption-0-1-40 caption__1-0-1-41"
>
  span tag test string
</span>
`;

exports[`caption snapshots Caption: 4 1`] = `
<caption
  className="typography-0-1-56 typography__8-0-1-64 caption-0-1-53 caption__1-0-1-54"
>
  caption tag test string
</caption>
`;

exports[`caption snapshots Caption: 5 1`] = `
<figcaption
  className="typography-0-1-69 typography__8-0-1-77 caption-0-1-66 caption__1-0-1-67"
>
  figcaption tag test string
</figcaption>
`;
