// Jest Snapshot v1, https://goo.gl/fbAQLP

exports[`typography snapshot Typography: 0 1`] = `
<h1
  className="typography typography-1"
>
  Test string
</h1>
`;

exports[`typography snapshot Typography: 1 1`] = `
<h2
  className="typography typography-2"
>
  Test string
</h2>
`;

exports[`typography snapshot Typography: 2 1`] = `
<h3
  className="typography typography-3"
>
  Test string
</h3>
`;

exports[`typography snapshot Typography: 3 1`] = `
<h4
  className="typography typography-4"
>
  Test string
</h4>
`;

exports[`typography snapshot Typography: 4 1`] = `
<h5
  className="typography typography-5"
>
  Test string
</h5>
`;

exports[`typography snapshot Typography: 5 1`] = `
<h6
  className="typography typography-6"
>
  Test string
</h6>
`;

exports[`typography snapshot Typography: 6 1`] = `
<span
  className="typography typography-7"
>
  Test string
</span>
`;

exports[`typography snapshot Typography: 7 1`] = `
<caption
  className="typography typography-8"
>
  Test string
</caption>
`;

exports[`typography snapshot Typography: 8 1`] = `
<p
  className="typography typography-9"
>
  Test string
</p>
`;

exports[`typography snapshot Typography: 9 1`] = `
<figcaption
  className="typography typography-9"
>
  Test string
</figcaption>
`;
