// Jest Snapshot v1, https://goo.gl/fbAQLP

exports[`button Button: 0 1`] = `
<button
  className="button"
  href={null}
>
  Button text
</button>
`;
