// Jest Snapshot v1, https://goo.gl/fbAQLP

exports[`label snapshots Label: 0 1`] = `
<label
  className="label-0-1-1"
  data-sketch-symbol="Label"
>
  Label
</label>
`;

exports[`label snapshots Label: 1 1`] = `
<legend
  className="label-0-1-3"
>
  Legend label
</legend>
`;

exports[`label snapshots Label: 2 1`] = `
<label
  className="label__hidden-0-1-6"
>
  Hidden label
</label>
`;
