// Jest Snapshot v1, https://goo.gl/fbAQLP

exports[`text-field text-field: 0 1`] = `
<div
  className={null}
>
  <form
    onSubmit={[Function]}
  >
    <div>
      <div>
        <div>
          <div
            className="formItemSelect-0-1-11"
          >
            <label
              className="formItemSelect_label-0-1-12"
            >
              Tag
            </label>
            <span
              className="formItemSelect_span-0-1-13"
            >
              <select
                className="formItemSelect_input-0-1-14"
                onChange={[Function]}
                value="\\"span\\""
              >
                <option
                  value="\\"span\\""
                >
                  span
                </option>
                <option
                  value="\\"button\\""
                >
                  button
                </option>
              </select>
            </span>
          </div>
          <div
            className="formItemTextarea-0-1-15"
          >
            <label
              className="formItemTextarea_label-0-1-16"
              htmlFor="text"
            >
              Text
            </label>
            <textarea
              className="formItemTextarea_textarea-0-1-17"
              id="text"
              name="text"
              onChange={[Function]}
              rows={3}
              value="Example text"
            />
          </div>
        </div>
      </div>
    </div>
  </form>
</div>
`;
