// Jest Snapshot v1, https://goo.gl/fbAQLP

exports[`image snapshot Image: 0 1`] = `
<picture
  className="image picture"
>
  <source
    media="(min-width: 1400px)"
    slot="source"
    srcSet="https://placehold.it/350x350/2F2F2F/171717"
  />
  <source
    media="(min-width: 1084px)"
    slot="source"
    srcSet="https://placehold.it/300x300/2F2F2F/171717"
  />
  <source
    media="(min-width: 768px)"
    slot="source"
    srcSet="https://placehold.it/200x200/2F2F2F/171717"
  />
  <source
    media="(min-width: 540px)"
    slot="source"
    srcSet="https://placehold.it/100x100/2F2F2F/171717"
  />
  <source
    media="(min-width: 0px)"
    slot="source"
    srcSet="https://placehold.it/75x75/2F2F2F/171717"
  />
  <img
    alt="Placeholder with grey background and dimension watermark without any imagery"
    className="img"
    src="https://placehold.it/75x75/2F2F2F/171717"
  />
</picture>
`;
