// Jest Snapshot v1, https://goo.gl/fbAQLP

exports[`image Image: 0 1`] = `
<picture
  className="picture"
>
  <source
    media="(min-width: 1779px)"
    srcSet="https://placehold.it/2048x600/2F2F2F/171717"
  />
  <source
    media="(min-width: 1400px)"
    srcSet="https://placehold.it/1778x600/2F2F2F/171717"
  />
  <source
    media="(min-width: 1084px)"
    srcSet="https://placehold.it/1399x600/2F2F2F/171717"
  />
  <source
    media="(min-width: 768px)"
    srcSet="https://placehold.it/1083x500/2F2F2F/171717"
  />
  <source
    media="(min-width: 540px)"
    srcSet="https://placehold.it/767x400/2F2F2F/171717"
  />
  <source
    media="(min-width: 0)"
    srcSet="https://placehold.it/539x300/2F2F2F/171717"
  />
  <img
    alt="Placeholder with grey background and dimension watermark without any imagery"
    className="image image-round"
    src="https://placehold.it/539x300/2F2F2F/171717"
  />
</picture>
`;
