// Jest Snapshot v1, https://goo.gl/fbAQLP

exports[`css-editor css-editor: 0 1`] = `
<div>
  <div
    className="cssPosition-0-1-1"
  >
    <span
      className="cssPosition_selectContainer-0-1-2"
    >
      <select
        className="cssPosition_selectContainer_select-0-1-3"
        data-location="position"
        onChange={[Function]}
        value="static"
      >
        <option
          value="static"
        >
          Static
        </option>
        <option
          value="absolute"
        >
          Absolute
        </option>
      </select>
    </span>
  </div>
</div>
`;
