// Jest Snapshot v1, https://goo.gl/fbAQLP

exports[`any-of any-of: 0 1`] = `
<div
  className={null}
>
  <form
    onSubmit={[Function]}
  >
    <div>
      <div>
        <div>
          <div
            className="formSection_selectWrapper-0-1-7"
          >
            <label
              className="formSection_selectLabel-0-1-10"
              htmlFor="1"
            >
              Configuration
            </label>
            <span
              className="formSection_selectSpan-0-1-8"
            >
              <select
                className="formSection_selectInput-0-1-9"
                id="1"
                onChange={[Function]}
                value={0}
              >
                <option
                  value={0}
                >
                  String
                </option>
                <option
                  value={1}
                >
                  Number
                </option>
                <option
                  value={2}
                >
                  No description
                </option>
              </select>
            </span>
          </div>
          <div
            className="formItemTextarea-0-1-11"
          >
            <label
              className="formItemTextarea_label-0-1-12"
              htmlFor="string"
            >
              String
            </label>
            <textarea
              className="formItemTextarea_textarea-0-1-13"
              id="string"
              name="string"
              onChange={[Function]}
              rows={3}
              value="example text"
            />
          </div>
        </div>
      </div>
    </div>
  </form>
</div>
`;
