// Jest Snapshot v1, https://goo.gl/fbAQLP

exports[`general-example general-example: 0 1`] = `
<div
  className={null}
>
  <form
    onSubmit={[Function]}
  >
    <div>
      <div>
        <div />
      </div>
    </div>
  </form>
</div>
`;
