// Jest Snapshot v1, https://goo.gl/fbAQLP

exports[`hypertext Hypertext: 0 1`] = `
<a
  className="hypertext"
  href="https://msdn.microsoft.com/en-us/"
>
  MSDN
</a>
`;
