// Jest Snapshot v1, https://goo.gl/fbAQLP

exports[`objects objects: 0 1`] = `
<div
  className={null}
>
  <form
    onSubmit={[Function]}
  >
    <div>
      <div>
        <div />
        <div
          className="formSection_toggleWrapper-0-1-5"
        >
          <label
            htmlFor="1"
          >
            optional object
            <button
              aria-pressed={false}
              className="formSection_toggle-0-1-6"
              onClick={[Function]}
              role="switch"
            >
              <span />
            </button>
            <span>
              Off
            </span>
          </label>
          <input
            aria-hidden="true"
            id="1"
            type="hidden"
            value="Off"
          />
        </div>
        <div
          className="formSection_toggleWrapper-0-1-5"
        >
          <label
            htmlFor="2"
          >
            object with no required items
            <button
              aria-pressed={false}
              className="formSection_toggle-0-1-6"
              onClick={[Function]}
              role="switch"
            >
              <span />
            </button>
            <span>
              Off
            </span>
          </label>
          <input
            aria-hidden="true"
            id="2"
            type="hidden"
            value="Off"
          />
        </div>
        <div
          className="formSection-0-1-2"
        >
          <h3
            className="formSection_header-0-1-4"
          >
            Sections
          </h3>
          <ul
            className="formSection_menu-0-1-3"
          >
            <li
              onClick={[Function]}
            >
              <a
                onClick={[Function]}
              >
                object with no required items
              </a>
            </li>
            <li
              onClick={[Function]}
            >
              <a
                onClick={[Function]}
              >
                object with required items
              </a>
            </li>
          </ul>
        </div>
      </div>
    </div>
  </form>
</div>
`;
