// Jest Snapshot v1, https://goo.gl/fbAQLP

exports[`image Image: 0 1`] = `
<picture
  className="picture-0-1-3"
>
  <source
    media="(min-width: 1400px)"
    srcSet="https://placehold.it/600x600/2F2F2F/171717"
  />
  <source
    media="(min-width: 1084px)"
    srcSet="https://placehold.it/600x600/2F2F2F/171717"
  />
  <source
    media="(min-width: 768px)"
    srcSet="https://placehold.it/500x500/2F2F2F/171717"
  />
  <source
    media="(min-width: 540px)"
    srcSet="https://placehold.it/400x400/2F2F2F/171717"
  />
  <source
    media="(min-width: 0)"
    srcSet="https://placehold.it/300x300/2F2F2F/171717"
  />
  <img
    alt="Placeholder with grey background and dimension watermark without any imagery"
    className="image-0-1-1 image_round-0-1-2"
    src="https://placehold.it/300x300/2F2F2F/171717"
  />
</picture>
`;

exports[`image Image: 1 1`] = `
<img
  alt="Placeholder with grey background and dimension watermark without any imagery"
  className="image-0-1-4 image_round-0-1-5"
  sizes="100vw"
  src="https://placehold.it/300x300/2F2F2F/171717"
  srcSet="https://placehold.it/600x600/2F2F2F/171717 2048w, https://placehold.it/600x600/2F2F2F/171717 1778w, https://placehold.it/1600x600/2F2F2F/171717 1399w, https://placehold.it/500x500/2F2F2F/171717 1083w, https://placehold.it/400x400/2F2F2F/171717 767w, https://placehold.it/300x300/2F2F2F/171717 1w"
/>
`;

exports[`image Image: 2 1`] = `
<img
  alt="Placeholder with grey background and dimension watermark without any imagery"
  className="image-0-1-7 image_round-0-1-8"
  sizes={null}
  src="https://placehold.it/300x300/2F2F2F/171717"
  srcSet={null}
/>
`;

exports[`image Image: 3 1`] = `
<picture
  className="picture-0-1-12"
>
  <source
    media="(min-width: 1400px)"
    srcSet="https://placehold.it/600x600/2F2F2F/171717"
  />
  <source
    media="(min-width: 1084px)"
    srcSet="https://placehold.it/600x600/2F2F2F/171717"
  />
  <source
    media="(min-width: 768px)"
    srcSet="https://placehold.it/500x500/2F2F2F/171717"
  />
  <source
    media="(min-width: 540px)"
    srcSet="https://placehold.it/400x400/2F2F2F/171717"
  />
  <source
    media="(min-width: 0)"
    srcSet="https://placehold.it/300x300/2F2F2F/171717"
  />
  <img
    alt="Placeholder with grey background and dimension watermark without any imagery"
    className="image-0-1-10"
    src="https://placehold.it/300x300/2F2F2F/171717"
  />
</picture>
`;

exports[`image Image: 4 1`] = `
<img
  alt="Placeholder with grey background and dimension watermark without any imagery"
  className="image-0-1-13"
  sizes="100vw"
  src="https://placehold.it/539x300/2F2F2F/171717"
  srcSet="https://placehold.it/2048x600/2F2F2F/171717 2048w, https://placehold.it/1778x600/2F2F2F/171717 1778w, https://placehold.it/1399x600/2F2F2F/171717 1399w, https://placehold.it/1083x500/2F2F2F/171717 1083w, https://placehold.it/767x400/2F2F2F/171717 767w, https://placehold.it/539x300/2F2F2F/171717 1w"
/>
`;

exports[`image Image: 5 1`] = `
<img
  alt="Placeholder with grey background and dimension watermark without any imagery"
  className="image-0-1-16"
  sizes={null}
  src="https://placehold.it/539x300/2F2F2F/171717"
  srcSet={null}
/>
`;
