// Jest Snapshot v1, https://goo.gl/fbAQLP

exports[`divider snapshots Divider: 0 1`] = `
<hr
  className="divider-0-1-1"
  data-sketch-symbol="Divider"
/>
`;

exports[`divider snapshots Divider: 1 1`] = `
<hr
  className="divider-0-1-2"
  role="presentation"
/>
`;

exports[`divider snapshots Divider: 2 1`] = `
<hr
  className="divider-0-1-3"
/>
`;
